mode: atomic
github.com/maadiii/gogate/config/0.go:11.2,12.16 2 9
github.com/maadiii/gogate/config/0.go:13.3,14.1 1 1
github.com/maadiii/gogate/config/0.go:16.2,17.51 2 8
github.com/maadiii/gogate/config/0.go:18.3,19.1 1 0
github.com/maadiii/gogate/config/0.go:21.2,21.39 1 8
github.com/maadiii/gogate/config/0.go:22.3,23.1 1 6
github.com/maadiii/gogate/config/0.go:25.2,25.18 1 2
github.com/maadiii/gogate/config/0.go:34.2,34.35 1 8
github.com/maadiii/gogate/config/0.go:35.3,36.1 1 1
github.com/maadiii/gogate/config/0.go:38.2,38.26 1 7
github.com/maadiii/gogate/config/0.go:39.3,40.1 1 0
github.com/maadiii/gogate/config/0.go:42.2,43.36 2 7
github.com/maadiii/gogate/config/0.go:44.3,44.23 1 8
github.com/maadiii/gogate/config/0.go:45.4,46.1 1 1
github.com/maadiii/gogate/config/0.go:48.3,48.27 1 7
github.com/maadiii/gogate/config/0.go:49.4,50.1 1 0
github.com/maadiii/gogate/config/0.go:52.3,52.36 1 7
github.com/maadiii/gogate/config/0.go:53.4,53.50 1 8
github.com/maadiii/gogate/config/0.go:54.5,55.1 1 3
github.com/maadiii/gogate/config/0.go:57.4,57.41 1 5
github.com/maadiii/gogate/config/0.go:58.5,59.24 2 6
github.com/maadiii/gogate/config/0.go:60.6,64.1 1 1
github.com/maadiii/gogate/config/0.go:65.5,65.27 1 5
github.com/maadiii/gogate/config/0.go:70.2,70.12 1 2
github.com/maadiii/gogate/config/service.go:17.2,17.18 1 8
github.com/maadiii/gogate/config/service.go:18.3,19.1 1 1
github.com/maadiii/gogate/config/service.go:21.2,21.25 1 7
github.com/maadiii/gogate/config/service.go:22.3,23.1 1 0
github.com/maadiii/gogate/config/service.go:25.2,25.81 1 7
github.com/maadiii/gogate/config/service.go:26.3,27.1 1 2
github.com/maadiii/gogate/config/service.go:29.2,29.85 1 5
github.com/maadiii/gogate/config/service.go:30.3,31.1 1 0
github.com/maadiii/gogate/config/service.go:33.2,33.75 1 5
github.com/maadiii/gogate/config/service.go:34.3,35.1 1 0
github.com/maadiii/gogate/config/service.go:37.2,37.12 1 5
github.com/maadiii/gogate/config/service.go:49.2,50.24 2 17
github.com/maadiii/gogate/config/service.go:51.3,51.21 1 7
github.com/maadiii/gogate/config/service.go:52.4,56.1 1 1
github.com/maadiii/gogate/config/service.go:57.3,57.21 1 6
github.com/maadiii/gogate/config/service.go:58.4,62.1 1 1
github.com/maadiii/gogate/config/service.go:64.3,64.24 1 5
github.com/maadiii/gogate/config/service.go:67.2,67.12 1 15
github.com/maadiii/gogate/internal/hook/registry.go:10.2,11.1 1 1
github.com/maadiii/gogate/internal/hook/registry.go:14.2,14.16 1 1
github.com/maadiii/gogate/internal/hook/registry.go:15.3,16.1 1 0
github.com/maadiii/gogate/internal/hook/registry.go:18.2,18.44 1 1
github.com/maadiii/gogate/internal/hook/registry.go:19.3,20.1 1 0
github.com/maadiii/gogate/internal/hook/registry.go:22.2,23.1 2 1
github.com/maadiii/gogate/internal/hook/registry.go:24.2,24.12 2 1
github.com/maadiii/gogate/internal/hook/registry.go:28.2,29.9 2 1
github.com/maadiii/gogate/internal/hook/registry.go:30.3,31.1 1 0
github.com/maadiii/gogate/internal/hook/registry.go:33.2,34.16 2 1
github.com/maadiii/gogate/internal/hook/registry.go:35.3,36.1 1 0
github.com/maadiii/gogate/internal/hook/registry.go:37.2,37.22 1 1
github.com/maadiii/gogate/internal/hook/registry.go:38.3,42.1 1 0
github.com/maadiii/gogate/internal/hook/registry.go:44.2,44.15 1 1
